files/109.csv
id,week,center_id,meal_id,checkout_price,base_price,emailer_for_promotion,homepage_featured,num_orders
1042464,1,109,1754,292.03,291.03,0,0,393
1050911,2,109,1754,291.03,291.03,0,0,324
1362879,3,109,1754,291.03,290.03,0,0,325
1295137,4,109,1754,290.03,292.03,0,0,339
1421852,5,109,1754,179.45,291.03,0,0,285
1156100,6,109,1754,228.92,291.03,0,0,257
1250889,7,109,1754,237.65,291.03,0,0,271
1012596,8,109,1754,252.26,290.03,0,0,296
1487853,9,109,1754,219.28,292.03,0,0,216
1282257,10,109,1754,281.33,281.33,0,0,404
1182024,11,109,1754,273.6,271.6,0,0,431
1004956,12,109,1754,269.72,267.72,0,0,177
1305068,13,109,1754,277.42,279.42,0,0,324
1464619,14,109,1754,266.81,265.81,0,0,298
1235810,15,109,1754,292.03,291.03,0,0,231
1041650,16,109,1754,291.03,292.03,0,0,284
1262772,17,109,1754,292.03,291.03,0,0,337
1409074,18,109,1754,194.03,292.03,1,1,1418
1017360,19,109,1754,225.1,290.03,0,1,879
1283685,20,109,1754,229.89,292.03,0,0,555
1322837,21,109,1754,219.28,290.03,0,0,919
1430021,22,109,1754,230.89,291.03,1,1,1134
1401556,23,109,1754,239.65,292.03,1,1,755
1482678,24,109,1754,258.02,292.03,0,0,231
1034913,25,109,1754,279.36,281.36,0,0,242
1431376,26,109,1754,279.36,280.36,0,0,177
1441371,27,109,1754,281.36,279.36,0,0,311
1006085,28,109,1754,266.75,266.75,0,0,297
1129002,29,109,1754,281.36,280.36,0,0,204
1411722,30,109,1754,153.29,281.36,1,1,3901
1449748,31,109,1754,244.44,279.36,0,0,378
1218002,32,109,1754,227.04,279.36,1,0,933
1394482,33,109,1754,262.93,260.93,0,0,284
1326760,34,109,1754,253.17,253.17,0,0,323
1113693,35,109,1754,256.11,255.11,0,0,148
1030186,36,109,1754,291.03,291.03,0,0,405
1234273,37,109,1754,292.03,290.03,0,0,311
1074786,38,109,1754,290.03,290.03,0,0,285
1397147,39,109,1754,310.43,309.43,0,0,257
1083860,40,109,1754,304.64,304.64,0,0,285
1197998,41,109,1754,272.63,302.64,0,0,203
1190420,42,109,1754,308.52,307.52,0,0,257
1177029,43,109,1754,310.43,311.43,0,0,123
1305014,44,109,1754,310.43,311.43,0,1,230
1153521,45,109,1754,233.83,311.43,0,0,217
1483256,46,109,1754,240.59,309.43,1,1,378
1042203,47,109,1754,244.5,311.43,0,1,743
1290818,48,109,1754,180.48,311.43,1,1,2578
1021353,49,109,1754,257.08,310.43,0,1,850
1453585,50,109,1754,261.93,309.43,0,1,501
1484228,51,109,1754,262.93,310.43,0,1,284
1315107,52,109,1754,306.55,306.55,0,0,163
1183313,53,109,1754,293.97,291.97,0,0,243
1231215,54,109,1754,310.43,311.43,0,0,95
1051798,55,109,1754,309.43,310.43,0,0,202
1040909,56,109,1754,309.43,309.43,0,0,94
1103260,57,109,1754,285.24,283.24,0,0,163
1296005,58,109,1754,260.02,258.02,0,0,243
1396194,59,109,1754,195.03,259.02,0,0,108
1152709,60,109,1754,237.68,258.02,1,1,1959
1030214,61,109,1754,255.17,255.17,0,0,460
1147222,62,109,1754,310.43,310.43,0,0,28
1241769,63,109,1754,281.3,283.3,0,0,148
1120661,64,109,1754,281.36,281.36,0,0,177
1382659,65,109,1754,269.69,268.69,0,0,527
1108392,66,109,1754,279.36,280.36,0,0,582
1311400,67,109,1754,281.36,280.36,0,0,499
1434653,68,109,1754,190.12,279.36,1,1,1904
1321068,69,109,1754,192.12,280.36,0,0,1795
1045230,70,109,1754,191.09,279.36,1,0,1365
1233110,71,109,1754,190.12,280.36,0,1,1527
1350119,72,109,1754,270.66,271.66,0,0,501
1030656,73,109,1754,281.36,280.36,0,0,419
1181445,74,109,1754,265.81,266.81,0,0,485
1082772,75,109,1754,242.5,265.81,1,1,809
1081516,76,109,1754,244.5,265.81,0,1,689
1399846,77,109,1754,278.45,277.45,0,0,364
1211533,78,109,1754,268.75,268.75,0,0,311
1077231,79,109,1754,200.79,267.75,1,1,1499
1052750,80,109,1754,276.51,276.51,0,0,527
1374638,81,109,1754,281.36,279.36,0,0,474
1299508,82,109,1754,281.36,279.36,0,0,512
1323632,83,109,1754,280.36,281.36,0,0,595
1198488,84,109,1754,273.57,274.57,0,0,528
1445610,85,109,1754,280.36,279.36,0,0,312
1028541,86,109,1754,251.23,280.36,0,0,270
1085769,87,109,1754,309.43,309.43,0,0,339
1243017,88,109,1754,310.43,311.43,0,0,285
1404023,89,109,1754,311.43,311.43,0,0,283
1053203,90,109,1754,309.43,311.43,0,0,325
1256469,91,109,1754,311.43,310.43,0,0,177
1303184,92,109,1754,310.43,309.43,0,0,81
1253235,93,109,1754,310.43,311.43,0,0,202
1164939,94,109,1754,311.43,310.43,0,0,323
1449716,95,109,1754,310.43,310.43,0,0,350
1305821,96,109,1754,311.43,310.43,0,0,229
1436034,97,109,1754,297.82,297.82,0,0,107
1218921,98,109,1754,304.58,304.58,0,0,256
1291676,99,109,1754,323.04,323.04,0,0,175
1075913,100,109,1754,324.04,322.04,0,0,298
1106501,101,109,1754,324.04,323.04,0,0,163
1119183,102,109,1754,306.55,305.55,0,0,270
1255683,103,109,1754,322.04,324.04,0,0,27
1433455,104,109,1754,322.04,323.04,0,0,175
1418218,105,109,1754,323.04,324.04,0,0,271
1377772,106,109,1754,323.04,323.04,0,0,298
1244819,107,109,1754,323.04,324.04,0,0,364
1302125,108,109,1754,324.04,323.04,0,0,216
1024800,109,109,1754,313.31,314.31,0,0,351
1078649,110,109,1754,244.5,313.31,1,1,1324
1088607,111,109,1754,238.65,313.31,0,1,946
1054722,112,109,1754,243.5,313.31,0,1,1012
1167447,113,109,1754,323.04,322.04,0,0,244
1249340,114,109,1754,322.04,324.04,0,0,230
1312841,115,109,1754,324.04,324.04,0,0,284
1237608,116,109,1754,322.1,322.1,0,0,244
1392023,117,109,1754,320.16,319.16,0,0,150
1062713,118,109,1754,318.16,319.16,0,0,94
1265143,119,109,1754,318.16,320.16,0,0,122
1391963,120,109,1754,318.16,318.16,0,0,109
1183535,121,109,1754,320.16,318.16,0,0,298
1230726,122,109,1754,281.3,319.16,0,0,351
1361809,123,109,1754,319.16,319.16,0,0,161
1319345,124,109,1754,318.16,318.16,0,0,269
1018990,125,109,1754,304.58,305.58,0,0,310
1024796,126,109,1754,319.16,320.16,0,0,162
1478271,127,109,1754,318.16,320.16,0,0,230
1239036,128,109,1754,227.95,318.16,1,1,2092
1196858,129,109,1754,242.53,319.16,1,1,1079
1127234,130,109,1754,319.16,319.16,0,0,445
1440187,131,109,1754,318.16,319.16,0,0,499
1347521,132,109,1754,320.16,319.16,0,0,339
1484774,133,109,1754,320.16,319.16,0,0,310
1213416,134,109,1754,318.16,320.16,0,0,392
1377426,135,109,1754,302.64,303.64,0,0,271
1468412,136,109,1754,305.61,305.61,0,0,296
1352701,137,109,1754,320.16,319.16,0,0,243
1161908,138,109,1754,301.67,302.67,0,0,258
1088428,139,109,1754,318.16,319.16,0,0,474
1031968,140,109,1754,320.16,319.16,0,0,446
1487761,141,109,1754,318.16,320.16,0,0,431
1486828,142,109,1754,319.16,320.16,0,0,379
1270910,143,109,1754,311.43,309.43,0,0,501
1234081,144,109,1754,306.52,307.52,0,0,378
1008077,145,109,1754,318.22,316.22,0,0,447
1306799,1,109,1971,258.99,324.04,1,0,404
1233383,2,109,1971,259.99,324.04,1,1,609
1022985,3,109,1971,328.83,329.83,0,0,122
1173694,4,109,1971,329.83,328.83,0,0,202
1186398,5,109,1971,328.83,330.83,0,0,163
1484789,6,109,1971,311.4,311.4,0,0,163
1205781,7,109,1971,310.4,311.4,0,0,107
1435544,8,109,1971,310.4,312.4,0,0,26
1050011,9,109,1971,310.4,311.4,0,0,121
1330451,10,109,1971,243.53,310.4,1,1,771
1359022,11,109,1971,243.53,310.4,1,1,757
1095339,12,109,1971,237.71,312.4,0,1,540
1329382,13,109,1971,244.5,310.4,0,1,366
1450069,14,109,1971,287.15,311.4,0,1,231
1193322,15,109,1971,247.35,310.4,0,1,202
1433697,16,109,1971,243.5,310.4,0,1,134
1334359,17,109,1971,244.5,310.4,0,1,109
1320636,18,109,1971,308.49,307.49,0,0,269
1064908,19,109,1971,311.4,310.4,0,0,190
1161324,20,109,1971,311.4,310.4,0,0,123
1335897,21,109,1971,311.4,310.4,0,0,243
1355269,22,109,1971,242.5,312.4,1,1,824
1301355,23,109,1971,242.53,311.4,1,1,663
1356208,24,109,1971,312.4,311.4,0,0,123
1393376,25,109,1971,312.4,312.4,0,0,135
1046738,26,109,1971,294.88,296.88,0,0,135
1271685,27,109,1971,312.4,312.4,0,0,217
1237478,28,109,1971,311.4,312.4,0,0,42
1416971,29,109,1971,310.4,311.4,0,0,107
1252832,30,109,1971,168.81,311.4,1,1,3336
1157319,31,109,1971,282.27,312.4,0,1,485
1256471,32,109,1971,243.5,311.4,1,1,1066
1468357,33,109,1971,300.76,300.76,0,0,80
1210409,34,109,1971,311.4,312.4,0,0,122
1440757,35,109,1971,299.73,299.73,0,0,189
1404747,36,109,1971,310.4,310.4,0,0,323
1389294,37,109,1971,306.52,306.52,0,0,283
1138977,38,109,1971,312.4,310.4,0,0,162
1471777,39,109,1971,310.4,310.4,0,0,161
1182258,40,109,1971,242.53,310.4,0,0,445
1370451,41,109,1971,242.53,312.4,0,0,431
1051569,42,109,1971,242.53,310.4,0,0,474
1305728,43,109,1971,242.53,310.4,0,0,472
1064405,44,109,1971,311.4,312.4,0,0,215
1356637,45,109,1971,312.4,311.4,0,0,189
1096828,46,109,1971,245.47,311.4,1,1,716
1374140,47,109,1971,244.5,311.4,0,1,593
1334082,48,109,1971,187.24,311.4,1,1,2174
1212169,49,109,1971,264.87,311.4,0,1,310
1497678,50,109,1971,265.81,310.4,0,0,175
1178333,51,109,1971,261.93,312.4,0,0,176
1208778,52,109,1971,305.58,306.58,0,0,243
1305807,53,109,1971,310.4,312.4,0,0,285
1343361,54,109,1971,311.4,310.4,0,0,161
1044457,55,109,1971,311.4,311.4,0,0,176
1302077,56,109,1971,312.4,312.4,0,0,217
1466315,57,109,1971,303.61,305.61,0,0,244
1490646,58,109,1971,305.61,304.61,0,0,204
1014876,59,109,1971,303.61,304.61,0,0,325
1055710,60,109,1971,242.5,303.61,1,1,1419
1211647,61,109,1971,299.73,299.73,0,0,217
1215822,62,109,1971,303.61,305.61,0,0,68
1129928,63,109,1971,305.61,305.61,0,0,189
1035126,64,109,1971,290.03,292.03,0,0,176
1333159,65,109,1971,291.03,291.03,0,0,312
1040862,66,109,1971,292.03,292.03,0,0,256
1119384,67,109,1971,291.03,290.03,0,0,420
1226494,68,109,1971,194.06,291.03,1,1,1445
1380423,69,109,1971,192.09,291.03,0,1,1689
1169546,70,109,1971,193.06,291.03,1,0,1202
1213995,71,109,1971,192.09,291.03,0,1,851
1495407,72,109,1971,290.03,290.03,0,0,204
1169718,73,109,1971,290.03,292.03,0,0,202
1103445,74,109,1971,276.45,276.45,0,0,392
1314821,75,109,1971,242.5,278.45,1,1,715
1324245,76,109,1971,242.5,278.45,0,0,499
1129326,77,109,1971,292.03,292.03,0,0,122
1042352,79,109,1971,291.03,292.03,0,0,582
1295779,80,109,1971,290.03,292.03,0,0,404
1002713,81,109,1971,290.03,290.03,0,0,323
1136716,82,109,1971,292.03,291.03,0,0,594
1046541,83,109,1971,290.03,291.03,0,0,405
1185512,84,109,1971,290.03,292.03,0,0,420
1014124,85,109,1971,290.03,290.03,0,0,176
1442786,86,109,1971,291.03,291.03,0,0,123
1222956,87,109,1971,301.73,299.73,0,0,134
1362653,88,109,1971,300.73,300.73,0,0,161
1479866,89,109,1971,299.73,301.73,0,0,163
1041903,90,109,1971,324.04,323.04,0,0,134
1130062,91,109,1971,322.04,324.04,0,0,69
1472036,92,109,1971,195.03,323.04,1,1,1187
1363339,93,109,1971,194.03,324.04,1,1,1701
1147123,94,109,1971,290.03,324.04,0,0,42
1327348,95,109,1971,322.04,324.04,0,0,109
1284052,96,109,1971,323.04,322.04,0,0,177
1417634,97,109,1971,323.04,322.04,0,0,148
1224592,98,109,1971,322.04,322.04,0,0,175
1250299,99,109,1971,323.04,324.04,0,0,149
1465702,100,109,1971,324.04,323.04,0,0,230
1221555,101,109,1971,323.04,323.04,0,0,175
1027406,102,109,1971,324.04,323.04,0,0,95
1073148,103,109,1971,324.04,324.04,0,0,95
1053878,104,109,1971,323.04,322.04,0,0,108
1462796,105,109,1971,324.04,324.04,0,0,432
1149709,106,109,1971,322.04,323.04,0,0,242
1405490,107,109,1971,324.04,323.04,0,0,242
1286494,108,109,1971,241.53,324.04,1,1,1390
1268435,109,109,1971,240.56,324.04,1,0,1176
1054415,110,109,1971,279.36,323.04,0,1,499
1255753,111,109,1971,323.04,323.04,0,0,258
1456922,112,109,1971,324.04,323.04,0,0,270
1048774,113,109,1971,324.04,322.04,0,0,311
1392131,114,109,1971,323.04,323.04,0,0,244
1200376,115,109,1971,322.04,324.04,0,0,204
1452324,116,109,1971,324.04,323.04,0,0,270
1484580,117,109,1971,324.04,323.04,0,0,216
1265433,118,109,1971,324.04,322.04,0,0,41
1166073,119,109,1971,323.04,322.04,0,0,109
1349966,120,109,1971,323.04,324.04,0,0,82
1436963,121,109,1971,196,323.04,1,1,1795
1197085,122,109,1971,192.06,322.04,1,0,1499
1097289,123,109,1971,195,324.04,1,1,1581
1267972,124,109,1971,194.06,324.04,1,1,1837
1065880,125,109,1971,303.61,303.61,0,0,80
1202920,126,109,1971,323.04,323.04,0,0,161
1382638,127,109,1971,323.04,322.04,0,0,123
1495553,128,109,1971,260.96,324.04,0,0,486
1068986,129,109,1971,275.54,322.04,0,0,242
1213213,130,109,1971,323.04,323.04,0,0,109
1459781,131,109,1971,290.03,292.03,0,0,243
1347159,132,109,1971,185.27,291.03,1,1,2147
1087912,133,109,1971,185.27,291.03,1,0,1646
1329238,134,109,1971,288.12,289.12,0,0,107
1187851,135,109,1971,327.86,329.86,0,0,215
1109692,136,109,1971,329.86,329.86,0,0,162
1378751,137,109,1971,329.86,329.86,0,0,42
1499872,138,109,1971,329.86,329.86,0,0,121
1447994,139,109,1971,329.86,328.86,0,0,134
1219905,140,109,1971,328.86,327.86,0,0,108
1329071,141,109,1971,329.86,328.86,0,0,80
1453091,142,109,1971,327.86,327.86,0,0,135
1377365,143,109,1971,345.35,346.35,0,0,175
1074385,144,109,1971,344.35,346.35,0,0,162
1274415,145,109,1971,344.35,345.35,0,0,80
1371123,1,109,1902,387.03,447.23,0,0,14
1059914,2,109,1902,389.03,447.23,0,0,26
1384289,5,109,1902,446.23,446.23,0,0,28
1158627,7,109,1902,447.23,445.23,0,0,14
1196906,8,109,1902,409.34,410.34,0,0,55
1463334,10,109,1902,447.23,445.23,0,0,13
1008570,11,109,1902,446.23,445.23,0,0,13
1380137,12,109,1902,445.23,445.23,0,0,14
1474691,14,109,1902,445.23,447.23,0,0,42
1143016,16,109,1902,418.13,417.13,0,0,26
1372458,17,109,1902,417.13,416.13,0,0,26
1010901,18,109,1902,418.13,418.13,0,0,27
1424100,19,109,1902,445.23,446.23,0,0,13
1107243,21,109,1902,445.23,447.23,0,0,14
1007601,22,109,1902,447.23,445.23,0,0,14
1353397,25,109,1902,446.23,446.23,0,0,27
1393278,29,109,1902,445.23,447.23,0,0,14
1189687,31,109,1902,445.23,445.23,0,0,15
1192258,32,109,1902,446.23,445.23,0,0,13
1236219,33,109,1902,446.23,447.23,0,0,13
1286318,37,109,1902,446.23,446.23,0,0,14
1305175,38,109,1902,445.23,447.23,0,0,14
1061425,41,109,1902,446.23,447.23,0,0,15
1105116,42,109,1902,446.23,445.23,0,0,14
1215997,43,109,1902,445.23,447.23,0,0,26
1018068,44,109,1902,445.23,447.23,0,0,15
1305359,45,109,1902,357.93,446.23,0,0,14
1113450,46,109,1902,357.93,445.23,0,0,13
1269426,48,109,1902,357.93,447.23,0,0,28
1347029,50,109,1902,446.23,445.23,0,0,26
1295884,53,109,1902,418.13,416.13,0,0,15
1133360,54,109,1902,416.13,417.13,0,0,13
1146266,55,109,1902,417.13,418.13,0,0,26
1110511,56,109,1902,417.13,416.13,0,0,26
1335703,57,109,1902,446.23,446.23,0,0,26
1076155,60,109,1902,447.23,446.23,0,0,28
1411674,63,109,1902,446.23,446.23,0,0,14
1410236,66,109,1902,445.23,446.23,0,0,13
1178392,67,109,1902,447.23,446.23,0,0,15
1031646,68,109,1902,417.13,416.13,0,0,55
1081453,69,109,1902,417.13,417.13,0,0,27
1176975,71,109,1902,418.13,417.13,0,0,15
1088562,73,109,1902,447.23,447.23,0,0,26
1312724,74,109,1902,447.23,445.23,0,0,26
1152129,75,109,1902,446.23,447.23,0,0,28
1209470,78,109,1902,446.23,447.23,0,0,14
1435860,81,109,1902,446.23,446.23,0,0,15
1461792,82,109,1902,445.23,445.23,0,0,41
1054994,83,109,1902,435.53,437.53,0,0,26
1016773,84,109,1902,435.53,437.53,0,0,40
1322860,85,109,1902,437.53,435.53,0,0,13
1481363,86,109,1902,438.44,440.44,0,0,42
1204519,87,109,1902,447.23,446.23,0,0,14
1221500,88,109,1902,447.23,447.23,0,0,15
1075725,94,109,1902,447.23,446.23,0,0,15
1172005,96,109,1902,446.23,445.23,0,0,13
1084468,97,109,1902,445.23,446.23,0,0,15
1119884,98,109,1902,447.23,447.23,0,0,40
1139758,99,109,1902,446.23,445.23,0,0,27
1051857,102,109,1902,446.23,445.23,0,0,26
1406456,104,109,1902,446.23,446.23,0,0,40
1336723,105,109,1902,387.03,447.23,0,0,53
1059408,106,109,1902,388.03,447.23,0,0,14
1223547,107,109,1902,389.03,447.23,0,0,27
1497305,108,109,1902,389.03,445.23,0,0,15
1256314,109,109,1902,445.23,446.23,0,0,15
1172152,110,109,1902,446.23,447.23,0,0,68
1355156,112,109,1902,445.23,445.23,0,0,14
1216987,115,109,1902,445.23,446.23,0,0,41
1036455,117,109,1902,445.23,447.23,0,0,13
1483653,118,109,1902,447.23,447.23,0,0,15
1064775,121,109,1902,388.03,446.23,0,0,28
1307890,122,109,1902,387.03,447.23,0,0,15
1138393,123,109,1902,389.03,447.23,0,0,26
1242409,126,109,1902,446.23,446.23,0,0,55
1456843,127,109,1902,446.23,446.23,0,0,27
1458056,128,109,1902,447.23,447.23,0,0,42
1142012,129,109,1902,446.23,446.23,0,0,14
1369531,131,109,1902,446.23,445.23,0,0,14
1309573,133,109,1902,445.23,446.23,0,0,14
1175373,135,109,1902,446.23,446.23,0,0,14
1035810,137,109,1902,388.03,445.23,0,0,27
1436434,138,109,1902,388.03,447.23,0,0,27
1459212,139,109,1902,388.03,445.23,0,0,40
1134645,141,109,1902,445.23,446.23,0,0,28
1243195,145,109,1902,447.23,446.23,0,0,27
